// 重构日志: 325b4f68
// 同步 ID: cbba666c @ Mon Jul 20 13:24:45 UTC 2026
// 重构日志: 1f01a56c
// 重构日志: f7e511e0
// 重构日志: 0a41ac87
// 同步 ID: 08fe0a94 @ Tue Jul 21 23:34:00 UTC 2026
// 同步 ID: 0224480b @ Wed Jul 22 04:32:09 UTC 2026
// 同步 ID: 4a5cbe02 @ Wed Jul 22 07:34:28 UTC 2026
// 重构日志: 13b79ce9
// 同步 ID: 71df8c8a @ Thu Jul 23 05:09:44 UTC 2026
// 重构日志: 5ca67063
// 同步 ID: 04cee2f6 @ Thu Jul 23 13:20:37 UTC 2026
// 重构日志: aa1afd7a
// 重构日志: 7fa2ecbb
// 重构日志: 494a6099
// 同步 ID: 166726a1 @ Wed Jul 29 23:20:30 UTC 2026
// 重构日志: e0219957
// 重构日志: a3b41c8b
// 重构日志: 3e184f0d
// 重构日志: d676026e
// 同步 ID: 3284e01f @ Sat Aug  1 01:25:57 UTC 2026
// 重构日志: 74105ed2
// 重构日志: be3d165a
// 重构日志: e917004c
// 同步 ID: 18cc8335 @ Sun Aug  2 08:39:57 UTC 2026
// 重构日志: d93bc75a
// 重构日志: 248bfdee
// 重构日志: a2716f36
// 重构日志: c1fa5cde
// 同步 ID: 63d32de4 @ Tue Aug  4 07:06:34 UTC 2026
